../Core/Src/main.c:68:6:writeEeprom	32	static
../Core/Src/main.c:77:9:readEeprom	32	static
../Core/Src/main.c:87:6:writeEeprom2	32	static
../Core/Src/main.c:92:9:readEeprom2	40	static
../Core/Src/main.c:109:6:writeRtc	32	static
../Core/Src/main.c:114:12:readRtc	40	static
../Core/Src/main.c:123:6:writeEeprom4Byte	24	static
../Core/Src/main.c:137:10:readEeprom4Byte	24	static
../Core/Src/main.c:154:5:main	16	static
../Core/Src/main.c:218:6:SystemClock_Config	88	static
../Core/Src/main.c:260:13:MX_I2C1_Init	8	static
../Core/Src/main.c:294:13:MX_USART1_UART_Init	8	static
../Core/Src/main.c:327:13:MX_GPIO_Init	40	static
../Core/Src/main.c:355:6:Error_Handler	4	static,ignoring_inline_asm
